// Jest Snapshot v1, https://goo.gl/fbAQLP

exports[`Should render ExpenseListItem correctly 1`] = `
<div>
  <Link
    replace={false}
    to="/edit/1"
  >
    <h3>
      Gum
    </h3>
  </Link>
  <p>
    $2.0
     kr -
    01 January 1970
  </p>
  <p />
</div>
`;
