// Jest Snapshot v1, https://goo.gl/fbAQLP

exports[`Should render NotFoundPage correctly 1`] = `
<div>
  <h3>
    404 - Not found
  </h3>
  <Link
    replace={false}
    to="/"
  >
    Go home
  </Link>
</div>
`;
